✔ publishes canonical protected backup receipt only after isolated restore MATCH (16.272125ms)
✔ publishes v2 exact-byte transaction receipt bound to backup and ordered hashes (20.495625ms)
✔ remote failure and migration digest drift publish no receipt (3.130792ms)
✔ remote boundary retains cleanup and one atomic migration transaction (1.145084ms)
✔ invalid backup receipt and noncanonical expiry cause zero remote calls (2.23125ms)
✔ decoded remote program proves restore and suppresses MATCH when cleanup fails (2099.965708ms)
✔ remote independently rejects malformed authority before side effects (329.543667ms)
✔ remote scratch existence probe binds its derived database name (0.76375ms)
✔ remote program sends derived scratch through a psql variable (655.568291ms)
✔ remote cleanup probe executes its exact psql invocation on PostgreSQL (103.0235ms)
✔ runner uses a least-privilege environment and returns bounded JSON (665.603666ms)
✔ runner kills and reaps output overflow, hang, and signal exits (4673.215625ms)
✔ CLI restart publishes a retained terminal journal before provider discovery and leaves no journal (175.026375ms)
✔ adapter binds protected authority, pinned executables and Cloudflare CAS (36.160583ms)
✔ adapter rejects expired authority before command execution (11.485834ms)
✔ adapter rejects executable digest drift (10.327333ms)
✔ production adapter requires root-owned helper executables by default (4.759584ms)
✔ adapter revalidates executable immediately before every invocation (15.46225ms)
✔ adapter fails CAS before traffic mutation (15.616583ms)
✔ adapter rejects plan/readiness drift and strict placeholder ambiguity (7.248958ms)
✔ near-expiry activation preserves three independently bounded recovery calls (21.155334ms)
academy production operation wrappers and install manifest verified
✔ scripts/academy-production-operation.test.mjs (2082.084708ms)
✔ host helper rejects foreign paths before protected reads or database calls (0.990875ms)
✔ host helper uses stable no-follow reads and argv/stdin database execution (3.419042ms)
✔ database values bind as text-compatible psql variables outside the do block (1.958625ms)
✔ cleanup rejects duplicate fixture users before its final commit (0.5235ms)
✔ protected fixture boundary rejects malformed identity before database (0.340792ms)
✔ database result must be the exact expected row count (0.241416ms)
✔ bound fixture SQL proves enrollment and cleanup behavior on PostgreSQL (215.593708ms)
✔ requires the exact P1-P7 sequence and terminal absence proof (2.021459ms)
✔ every post-prepare failure still performs cleanup and emits no PASS (1.632416ms)
✔ headed production contract waits for real Turnstile without reading or logging its token (3.507209ms)
✔ production pins match the exact reviewed operator source (1.654ms)
✔ real SSH enrollment adapter completes P6 and binds final receipt to operation (0.816708ms)
✔ SSH adapter invokes only fixed reviewed wrapper and bounded host programs (2.47775ms)
✔ SSH adapter rejects foreign operation paths before calls (0.448208ms)
✔ secure OTP transfer uses real O_EXCL path and rejects ancestor, oversize, and timeout (25.768292ms)
✔ default dry-run validates fresh authority and performs no mutation (24.11725ms)
✔ authority revision and actual readiness digest fail before recovery or discovery (47.653041ms)
✔ controller ignores a self-consistent caller authority and re-verifies pinned provenance (15.41275ms)
✔ explicit release executes exact ordered activation and binds candidate identity (115.650708ms)
✔ malformed backup receipt after an attempted mutation is recovery-required (42.757542ms)
✔ failure after confirmed backup is recovery-required and secret-free (61.899791ms)
✔ post-activation smoke failure rolls back with CAS binding and checks residue (108.239625ms)
✔ rollback residue failure is uncertain and does not accept rollback receipt (108.100458ms)
✔ rollback CAS mismatch is terminal uncertainty (112.75725ms)
✔ unbound activation failure never attempts an unsafe rollback (106.585917ms)
✔ smoke receipt mismatch triggers bounded rollback (133.177125ms)
✔ durable journal records every mutating failure and its terminal receipt (452.750958ms)
✔ failure receipt is durably bound to the terminal failed journal (194.2145ms)
✔ startup reconciles a retained journal before starting new mutation (235.033666ms)
✔ restart publishes terminal activation receipt before discovery and removes journal (192.902167ms)
✔ terminal journal is bound to the canonical digest of every validated plan field (109.260042ms)
✔ receipt publication is idempotent-exact, no-clobber, and mode 0600 (38.809166ms)
ℹ tests 54
ℹ suites 0
ℹ pass 54
ℹ fail 0
ℹ cancelled 0
ℹ skipped 0
ℹ todo 0
ℹ duration_ms 5603.622917
