✖ production pins match the exact reviewed operator source (7.890209ms)
ℹ tests 1
ℹ suites 0
ℹ pass 0
ℹ fail 1
ℹ cancelled 0
ℹ skipped 0
ℹ todo 0
ℹ duration_ms 80.201417

✖ failing tests:

test at scripts/academy-production-p1-p7-runner.test.mjs:118:1
✖ production pins match the exact reviewed operator source (7.890209ms)
  AssertionError [ERR_ASSERTION]: The expression evaluated to a falsy value:
  
    assert.ok(ssh.includes(await digest("./academy-production-p1-p7-host.mjs")))
  
      at TestContext.<anonymous> (file:///private/tmp/academy-operator-sql-cde63a58/academy-web/scripts/academy-production-p1-p7-runner.test.mjs:124:9)
      at async Test.run (node:internal/test_runner/test:1116:7)
      at async startSubtestAfterBootstrap (node:internal/test_runner/harness:358:3) {
    generatedMessage: true,
    code: 'ERR_ASSERTION',
    actual: false,
    expected: true,
    operator: '==',
    diff: 'simple'
  }
