
 RUN  v3.2.7 /private/tmp/academy-worker-startup-cde63a58/academy-web

 ✓ |unit| tests/unit/identity-transaction.test.ts (21 tests) 14ms
 ✓ |unit| tests/unit/identity-key-distribution-not-wired.test.ts (15 tests) 19ms
stderr | tests/unit/identity-runtime-completion.test.ts > Academy Identity runtime completion seam > does not activate a profile or create a session when exchange fails
[identity-callback] completion_failed stage=code_exchange released=true

stderr | tests/unit/identity-runtime-completion.test.ts > Academy Identity runtime completion seam > records the fixed client binding pre-exchange stage without consuming state
[identity-callback] completion_failed stage=client_binding released=true

stderr | tests/unit/identity-runtime-completion.test.ts > Academy Identity runtime completion seam > records the fixed client assertion pre-exchange stage without consuming state
[identity-callback] completion_failed stage=client_assertion released=true

stderr | tests/unit/identity-runtime-completion.test.ts > Academy Identity runtime completion seam > does not activate a profile or create a session when signed-result verification fails
[identity-callback] completion_failed stage=result_verification released=true

stderr | tests/unit/identity-runtime-completion.test.ts > Academy Identity runtime completion seam > retries local activation without exchanging the one-time provider code twice
[identity-callback] completion_failed stage=profile_activation released=true

stderr | tests/unit/identity-runtime-completion.test.ts > Academy Identity runtime completion seam > rejects a checkpointed result with mismatched issuer before local activation
[identity-callback] completion_failed stage=client_binding released=true

stderr | tests/unit/identity-runtime-completion.test.ts > Academy Identity runtime completion seam > rejects a checkpointed result with mismatched audience before local activation
[identity-callback] completion_failed stage=client_binding released=true

stderr | tests/unit/identity-runtime-completion.test.ts > Academy Identity runtime completion seam > rejects a checkpointed result with mismatched service before local activation
[identity-callback] completion_failed stage=client_binding released=true

stderr | tests/unit/identity-runtime-completion.test.ts > Academy Identity runtime completion seam > rejects a checkpointed result with mismatched nonce before local activation
[identity-callback] completion_failed stage=client_binding released=true

stderr | tests/unit/identity-runtime-completion.test.ts > Academy Identity runtime completion seam > recovers a lost checkpoint response from the durable verified result
[identity-callback] completion_failed stage=result_checkpoint released=true

stderr | tests/unit/identity-runtime-completion.test.ts > Academy Identity runtime completion seam > rejects an activation commit with mismatched issuer before session creation
[identity-callback] completion_failed stage=profile_activation released=true

stderr | tests/unit/identity-runtime-completion.test.ts > Academy Identity runtime completion seam > rejects an activation commit with mismatched subject before session creation
[identity-callback] completion_failed stage=profile_activation released=true

stderr | tests/unit/identity-runtime-completion.test.ts > Academy Identity runtime completion seam > rejects an activation commit with mismatched verified email before session creation
[identity-callback] completion_failed stage=profile_activation released=true

stderr | tests/unit/identity-runtime-completion.test.ts > Academy Identity runtime completion seam > rejects an activation commit with mismatched activation status before session creation
[identity-callback] completion_failed stage=profile_activation released=true

stderr | tests/unit/identity-runtime-completion.test.ts > Academy Identity runtime completion seam > rejects an activation commit with mismatched activation revision before session creation
[identity-callback] completion_failed stage=profile_activation released=true

stderr | tests/unit/identity-runtime-completion.test.ts > Academy Identity runtime completion seam > rejects a session receipt with mismatched claims
[identity-callback] completion_failed stage=session_creation released=true

stderr | tests/unit/identity-runtime-completion.test.ts > Academy Identity runtime completion seam > rejects a session receipt with malformed claims
[identity-callback] completion_failed stage=session_creation released=true

stderr | tests/unit/identity-runtime-completion.test.ts > Academy Identity runtime completion seam > retains the same authorization when session creation fails and finalizes exactly once after retry
[identity-callback] completion_failed stage=session_creation released=true

stderr | tests/unit/identity-runtime-completion.test.ts > Academy Identity runtime completion seam > records transaction_finalize and retains state when finalization fails after session activation
[identity-callback] completion_failed stage=transaction_finalize released=true

stderr | tests/unit/identity-runtime-completion.test.ts > Academy Identity runtime completion seam > reuses the stable session after a committed create response is lost
[identity-callback] completion_failed stage=session_creation released=true

 ✓ |unit| tests/unit/identity-runtime-completion.test.ts (24 tests) 41ms
 ✓ |unit| tests/unit/identity-postgres-transaction-store.test.ts (24 tests) 21ms
 ✓ |unit| tests/unit/identity-client-assertion-webcrypto-signer.test.ts (42 tests) 30ms
 ✓ |unit| tests/unit/adversarial-sandbox.test.ts (19 tests) 1091ms
   ✓ ที่กันเปื้อนของสคริปต์ adversarial > ปฏิเสธที่จะเริ่ม เมื่อไฟล์ที่จะแก้ไม่ตรงกับ HEAD อยู่ก่อนแล้ว  1059ms
 ✓ |unit| tests/unit/identity-lifecycle-pull-cycle.test.ts (29 tests) 18ms
 ✓ |unit| tests/unit/identity-lifecycle-page-store.test.ts (25 tests) 13ms
stderr | tests/unit/identity-runtime-browser-flow.test.ts > Academy Identity runtime browser flow > retains the browser-bound callback after activation failure and finalizes it after one retry
[identity-callback] completion_failed stage=profile_activation released=true

stderr | tests/unit/identity-runtime-browser-flow.test.ts > Academy Identity runtime browser flow > retains the browser-bound callback after session failure and finalizes it after one retry
[identity-callback] completion_failed stage=session_creation released=true

 ✓ |unit| tests/unit/identity-runtime-browser-flow.test.ts (14 tests) 22ms
 ✓ |unit| tests/unit/identity-postgres-session-store.test.ts (28 tests) 21ms
 ✓ |unit| tests/unit/strict-json-response.test.ts (28 tests) 19ms
 ✓ |unit| tests/unit/learner-journey-slo.test.ts (11 tests) 7ms
 ✓ |unit| tests/unit/identity-code-exchange-response-transport.test.ts (32 tests) 22ms
 ✓ |unit| tests/unit/identity-client-assertion-secret-diagnostic.test.ts (13 tests) 26ms
 ✓ |unit| tests/unit/learner-journey-alert-rehearsal.test.ts (10 tests) 9ms
 ✓ |unit| tests/unit/identity-client-assertion-provider.test.ts (30 tests) 19ms
 ✓ |unit| tests/unit/simulation-practice-client.test.ts (41 tests) 28ms
 ✓ |unit| tests/unit/identity-client-assertion-registration-rehearsal.test.ts (10 tests) 50ms
 ✓ |unit| tests/unit/attempt-client.test.ts (67 tests) 27ms
 ✓ |unit| tests/unit/progress-client.test.ts (26 tests) 24ms
 ✓ |unit| tests/unit/identity-lifecycle-pull-page-verifier.test.ts (36 tests) 20ms
 ✓ |unit| tests/unit/identity-result-key-set-importer.test.ts (11 tests) 22ms
 ✓ |unit| tests/unit/waitlist-client.test.ts (35 tests) 23ms
 ✓ |unit| tests/unit/identity-lifecycle-pull-json-operation.test.ts (13 tests) 16ms
 ✓ |unit| tests/unit/identity-durable-store.test.ts (12 tests) 23ms
 ✓ |unit| tests/unit/course-content.test.ts (14 tests) 44ms
 ✓ |unit| tests/unit/attempt.test.ts (25 tests) 7ms
 ✓ |unit| tests/unit/learner-journey-observability.test.ts (14 tests) 7ms
 ✓ |unit| tests/unit/identity-security-admission.test.ts (9 tests) 117ms
 ✓ |unit| tests/unit/public-lesson.test.ts (842 tests) 118ms
 ✓ |unit| tests/unit/course-skill-map-client.test.ts (34 tests) 28ms
 ✓ |unit| tests/unit/identity-lifecycle-verified-page-transport.test.ts (16 tests) 11ms
 ✓ |unit| tests/unit/identity-local-browser-flow.test.ts (3 tests) 44ms
 ✓ |unit| tests/unit/bounded-body.test.ts (9 tests) 12ms
 ✓ |unit| tests/unit/progress.test.ts (17 tests) 5ms
 ✓ |unit| tests/unit/identity-code-exchange-port.test.ts (10 tests) 18ms
 ✓ |unit| tests/unit/identity-code-exchange-result-envelope.test.ts (6 tests) 11ms
 ✓ |unit| tests/unit/identity-runtime-routes.test.ts (9 tests) 13ms
 ✓ |unit| tests/unit/identity-profile-activation-store.test.ts (21 tests) 15ms
stderr | tests/unit/identity-production-runtime-routes.test.ts > production Identity routes use the real registry composition > starts through the registry and routes a callback into the same server-only composition
[identity-code-exchange] response status=503 no_store=true elapsed_ms=0

stderr | tests/unit/identity-production-runtime-routes.test.ts > production Identity routes use the real registry composition > starts through the registry and routes a callback into the same server-only composition
[identity-callback] completion_failed stage=code_exchange released=true

 ✓ |unit| tests/unit/identity-production-runtime-routes.test.ts (4 tests) 31ms
 ✓ |unit| tests/unit/identity-lifecycle-pull-operation-transport.test.ts (8 tests) 10ms
 ✓ |unit| tests/unit/identity-result-key-set-cache.test.ts (8 tests) 16ms
 ✓ |unit| tests/unit/identity-lifecycle-pull-transport.test.ts (11 tests) 17ms
 ✓ |unit| tests/unit/identity-code-exchange-json-operation.test.ts (17 tests) 15ms
 ✓ |unit| tests/unit/simulation-variables.test.ts (13 tests) 6ms
 ✓ |unit| tests/unit/identity-client-assertion-conformance.test.ts (2 tests) 17ms
 ✓ |unit| tests/unit/identity-local-signed-result.test.ts (11 tests) 26ms
 ✓ |unit| tests/unit/identity-lifecycle-production-runtime.test.ts (9 tests) 9ms
 ✓ |unit| tests/unit/identity-lifecycle-reducer.test.ts (30 tests) 6ms
 ✓ |unit| tests/unit/course-roadmap.test.ts (17 tests) 7ms
 ✓ |unit| tests/unit/identity-lifecycle-envelope-verifier.test.ts (5 tests) 10ms
 ✓ |unit| tests/unit/identity-code-exchange-transport.test.ts (7 tests) 14ms
 ✓ |unit| tests/unit/simulation-grading.test.ts (19 tests) 14ms
 ✓ |unit| tests/unit/retention-scheduler.test.ts (11 tests) 33ms
 ✓ |unit| tests/unit/identity-production-runtime.test.ts (11 tests) 21ms
 ✓ |unit| tests/unit/identity-code-exchange-adapter.test.ts (7 tests) 17ms
 ✓ |unit| tests/unit/identity-code-exchange-result-verifier-port.test.ts (2 tests) 11ms
 ✓ |unit| tests/unit/simulation.test.ts (11 tests) 11ms
 ✓ |unit| tests/unit/edge-rate-limit-policy.test.ts (12 tests) 17ms
 ✓ |unit| tests/unit/identity-code-exchange-result.test.ts (27 tests) 7ms
 ✓ |unit| tests/unit/scoring.test.ts (15 tests) 20ms
 ✓ |unit| tests/unit/identity-code-exchange-runtime-config.test.ts (25 tests) 5ms
 ✓ |unit| tests/unit/security-wiring.test.ts (36 tests) 12ms
 ✓ |unit| tests/unit/identity-lifecycle-pull-request.test.ts (26 tests) 12ms
 ✓ |unit| tests/unit/production-admission-evidence.test.ts (29 tests) 23ms
 ✓ |unit| tests/unit/media-delivery.test.ts (15 tests) 21ms
stderr | tests/unit/progress-dashboard-route.test.ts > GET /api/progress dashboard catalog > fails closed when course entitlement storage is unavailable
[api/progress] อ่านไม่สำเร็จ: access store unavailable

 ✓ |unit| tests/unit/progress-dashboard-route.test.ts (4 tests) 11ms
 ✓ |unit| tests/unit/review-fixes.test.ts (15 tests) 7ms
 ✓ |unit| tests/unit/sign-in-page.test.ts (8 tests) 17ms
 ✓ |unit| tests/unit/course-entitlement-hardening.test.ts (6 tests) 8ms
 ✓ |unit| tests/unit/certificate.test.ts (10 tests) 4ms
 ✓ |unit| tests/unit/security-boundaries.test.ts (13 tests) 16ms
 ✓ |unit| tests/unit/identity-client-assertion-jti-source.test.ts (11 tests) 15ms
 ✓ |unit| tests/unit/identity-session-store.test.ts (7 tests) 16ms
 ✓ |unit| tests/unit/dashboard-response.test.ts (6 tests) 16ms
 ✓ |unit| tests/unit/attempt-grading.test.ts (6 tests) 3ms
 ✓ |unit| tests/unit/i18n.test.ts (7 tests) 7ms
 ✓ |unit| tests/unit/academy-runtime-db.test.ts (16 tests) 19ms
 ✓ |unit| tests/unit/cover-motif.test.ts (5 tests) 5ms
 ✓ |unit| tests/unit/account-response-client.test.ts (5 tests) 17ms
 ✓ |unit| tests/unit/static-asset-boundary.test.ts (7 tests) 1626ms
   ✓ deployed static-asset boundary > executes the existing workerd gate before compilation and the final bundle gate afterwards  1436ms
 ✓ |unit| tests/unit/public-course-catalog.test.ts (9 tests) 4ms
 ✓ |unit| tests/unit/checkpoint-draft.test.ts (4 tests) 5ms
 ✓ |unit| tests/unit/public-course-syllabus.test.ts (2 tests) 18ms
 ✓ |unit| tests/unit/identity-lifecycle-pull-lease.test.ts (4 tests) 7ms
 ✓ |unit| tests/unit/content-registry.test.ts (5 tests) 181ms
stderr | tests/unit/sign-out-route.test.ts > POST /api/auth/sign-out > provider revoke ล้มเหลวก็ล้าง cookie ของ browser และคืน contract local-only
[auth/sign-out] revoke local refresh token ไม่สำเร็จ: provider unavailable

 ✓ |unit| tests/unit/sign-out-route.test.ts (3 tests) 15ms
 ✓ |unit| tests/unit/unsubscribe-client.test.ts (16 tests) 20ms
 ✓ |unit| tests/unit/course-skill-map-route.test.ts (4 tests) 10ms
 ✓ |unit| tests/unit/loader.test.ts (8 tests) 10ms
 ✓ |unit| tests/unit/public-progress.test.ts (6 tests) 4ms
 ✓ |unit| tests/unit/assessment-policy.test.ts (7 tests) 3ms
 ✓ |unit| tests/unit/media-resolve.test.ts (5 tests) 6ms
 ✓ |unit| tests/unit/assessment-attempt-integrity.test.ts (6 tests) 6ms
 ✓ |unit| tests/unit/identity-consumer-policy.test.ts (4 tests) 5ms
 ✓ |unit| tests/unit/design-tokens.test.ts (6 tests) 5ms
 ✓ |unit| tests/unit/internal-surface.test.ts (22 tests) 4ms
 ✓ |unit| tests/unit/current-user-identity-session.test.ts (6 tests) 6ms
 ✓ |unit| tests/unit/identity-registry.test.ts (7 tests) 3ms
 ✓ |unit| tests/unit/public-course-route.test.ts (4 tests) 15ms
 ✓ |unit| tests/unit/explanations-route.test.ts (3 tests) 11ms
 ✓ |unit| tests/unit/identity-control-sign-in-form.test.ts (4 tests) 4ms
 ✓ |unit| tests/unit/security-headers.test.ts (3 tests) 7ms
 ✓ |unit| tests/unit/fixture-integrity.test.ts (5 tests) 11ms
 ✓ |unit| tests/unit/adversarial-run-all.test.ts (3 tests) 5ms
 ✓ |unit| tests/unit/identity-lifecycle-pull-response-transport.test.ts (5 tests) 6ms
 ✓ |unit| tests/unit/identity-lifecycle-principal.test.ts (26 tests) 4ms
 ✓ |unit| tests/unit/current-user-production-cookie.test.ts (3 tests) 5ms
 ✓ |unit| tests/unit/learner-course-page.test.ts (1 test) 4ms
 ✓ |unit| tests/unit/public-course-projection.test.ts (2 tests) 8ms
 ✓ |unit| tests/unit/language-navigation.test.ts (4 tests) 4ms
 ✓ |unit| tests/unit/media-route.test.ts (2 tests) 12ms
 ✓ |unit| tests/unit/consent.test.ts (4 tests) 11ms
 ✓ |unit| tests/unit/auth-callback-route.test.ts (3 tests) 12ms
 ✓ |unit| tests/unit/edge-response-security-headers.test.ts (2 tests) 6ms
 ✓ |unit| tests/unit/sbom.test.ts (2 tests) 4ms
 ✓ |unit| tests/unit/legacy-direct-otp.test.ts (3 tests) 5ms
 ✓ |unit| tests/unit/aside-block.test.ts (3 tests) 5ms
 ✓ |unit| tests/unit/arithmetic-consistency.test.ts (1 test) 238ms
 ✓ |unit| tests/unit/theme-bootstrap.test.ts (3 tests) 4ms
 ✓ |unit| tests/unit/certificate-claim.test.ts (2 tests) 3ms
 ✓ |unit| tests/unit/content-url-security.test.ts (2 tests) 8ms
 ✓ |unit| tests/unit/course-skill-map.test.ts (2 tests) 10ms
 ✓ |unit| tests/unit/identity-local-fixture.test.ts (2 tests) 4ms
 ✓ |unit| tests/unit/learner-dashboard-course.test.ts (1 test) 3ms
 ✓ |unit| tests/unit/auth-me-route.test.ts (2 tests) 9ms
 ✓ |unit| tests/unit/middleware-production-session.test.ts (3 tests) 11ms
 ✓ |unit| tests/unit/edge-host-policy.test.ts (3 tests) 6ms
 ✓ |unit| tests/unit/course-entitlement-audit-retention.test.ts (2 tests) 3ms
 ✓ |unit| tests/unit/access-required-view.test.ts (2 tests) 9ms
 ✓ |unit| tests/unit/media-grant.test.ts (3 tests) 8ms
 ✓ |unit| tests/unit/dashboard-page.test.ts (2 tests) 4ms
 ✓ |unit| tests/unit/rate-limit.test.ts (3 tests) 3ms
 ✓ |unit| tests/unit/course-step-summary.test.ts (1 test) 6ms
 ✓ |unit| tests/unit/checkpoint-answer-bias.test.ts (1 test) 215ms
 ✓ |unit| tests/unit/course-locale-chrome-sync.test.ts (3 tests) 3ms
 ✓ |unit| tests/unit/route-client.test.ts (2 tests) 3ms
 ✓ |unit| tests/unit/course-experience.test.ts (1 test) 11ms
 ✓ |unit| tests/unit/skill-map-state.test.ts (2 tests) 2ms
 ✓ |unit| tests/unit/progress-db-allowlist.test.ts (2 tests) 4ms
 ✓ |unit| tests/unit/course-access.test.ts (4 tests) 3ms
 ✓ |unit| tests/unit/identity-local-recovery.test.ts (1 test) 5ms
 ✓ |unit| tests/unit/public-course-share-route.test.ts (1 test) 11ms
 ✓ |unit| tests/unit/request-ip.test.ts (2 tests) 5ms
 ✓ |unit| tests/unit/shuffle.test.ts (3 tests) 4ms
 ✓ |unit| tests/unit/unsubscribe-token.test.ts (2 tests) 3ms
(node:86842) [DEP0040] DeprecationWarning: The `punycode` module is deprecated. Please use a userland alternative instead.
(Use `node --trace-deprecation ...` to show where the warning was created)
 ✓ |unit| tests/unit/worker-runtime-budget.test.ts (1 test) 8ms
 ✓ |unit| tests/unit/course-progress.test.ts (2 tests) 2ms
 ✓ |unit| tests/unit/safe-log.test.ts (2 tests) 2ms

 Test Files  149 passed (149)
      Tests  2428 passed (2428)
   Start at  00:18:45
   Duration  42.04s (transform 1.75s, setup 0ms, collect 10.36s, tests 5.33s, environment 19ms, prepare 6.43s)

