workerd/server/server.c++:6943: debug: [ TEST ] academy-final-worker
{"path":"/courses/assembly/en","status":200,"bytes":40476,"h1":"Assembly: Reading Machine Code"}
{"path":"/courses/assembly/th","status":200,"bytes":39801,"h1":"ภาษาแอสเซมบลี: อ่านภาษาเครื่อง"}
{"path":"/courses/basic-os-linux/en","status":200,"bytes":45664,"h1":"Basic OS &amp; Linux"}
{"path":"/courses/basic-os-linux/th","status":200,"bytes":44998,"h1":"พื้นฐานระบบปฏิบัติการและ Linux"}
{"path":"/courses/c-low-level/en","status":200,"bytes":51366,"h1":"C &amp; Low-level Programming"}
{"path":"/courses/c-low-level/th","status":200,"bytes":50644,"h1":"C และการเขียนโปรแกรมระดับล่าง"}
{"path":"/courses/computer-architecture/en","status":200,"bytes":48756,"h1":"Computer Architecture"}
{"path":"/courses/computer-architecture/th","status":200,"bytes":48117,"h1":"สถาปัตยกรรมคอมพิวเตอร์"}
{"path":"/courses/computer-networking/en","status":200,"bytes":50760,"h1":"Computer Networking"}
{"path":"/courses/computer-networking/th","status":200,"bytes":50275,"h1":"เครือข่ายคอมพิวเตอร์"}
{"path":"/courses/git-essentials/en","status":200,"bytes":46950,"h1":"Git Essentials"}
{"path":"/courses/git-essentials/th","status":200,"bytes":46268,"h1":"Git ฉบับใช้งานจริง"}
{"path":"/courses/operating-systems/en","status":200,"bytes":49252,"h1":"Operating Systems"}
{"path":"/courses/operating-systems/th","status":200,"bytes":48820,"h1":"ระบบปฏิบัติการ"}
{"path":"/courses/setup-and-environment/en","status":200,"bytes":31121,"h1":"Setting Up"}
{"path":"/courses/setup-and-environment/th","status":200,"bytes":30837,"h1":"ตั้งต้นให้พร้อม"}
{"privatePath":"/courses/assembly/learn","status":307,"location":"/sign-in?next=%2Fcourses%2Fassembly%2Flearn"}
{"privatePath":"/courses/assembly/lessons/recursion-in-assembly","status":307,"location":"/sign-in?next=%2Fcourses%2Fassembly%2Flessons%2Frecursion-in-assembly"}
{"privatePath":"/courses/comptia-security-plus/en","status":404,"location":null}
{"privatePath":"/courses/content-formats-demo/en","status":404,"location":null}
{"privatePath":"/courses/isc2-cc/en","status":404,"location":null}
workerd/server/server.c++:6957: debug: [ PASS ] academy-final-worker (299.196ms)
