
 RUN  v3.2.7 /private/tmp/academy-cookie-isolation-cde63a58/academy-web

 ❯ |unit| tests/unit/host-session-cookie-isolation.test.ts (3 tests | 3 failed) 12ms
   × production browser session cookie isolation > issues and expires browser-enforced host-only session cookies 5ms
     → expected 'academy_session=AAAAAAAAAAAAAAAAAAAAA…' to be '__Host-academy_session=AAAAAAAAAAAAAA…' // Object.is equality
   × production browser session cookie isolation > rejects legacy bearer authority and malformed or duplicate names 1ms
     → expected 'AAAAAAAAAAAAAAAAAAAAAAAAAAAAAAAAAAAAA…' to be null
   × production browser session cookie isolation > uses the same accepted session in middleware and rejects an injected legacy cookie 5ms
     → expected 200 to be 307 // Object.is equality

⎯⎯⎯⎯⎯⎯⎯ Failed Tests 3 ⎯⎯⎯⎯⎯⎯⎯

 FAIL  |unit| tests/unit/host-session-cookie-isolation.test.ts > production browser session cookie isolation > issues and expires browser-enforced host-only session cookies
AssertionError: expected 'academy_session=AAAAAAAAAAAAAAAAAAAAA…' to be '__Host-academy_session=AAAAAAAAAAAAAA…' // Object.is equality

Expected: "__Host-academy_session=AAAAAAAAAAAAAAAAAAAAAAAAAAAAAAAAAAAAAAAAAAA; Path=/; HttpOnly; SameSite=Lax; Secure; Max-Age=900"
Received: "academy_session=AAAAAAAAAAAAAAAAAAAAAAAAAAAAAAAAAAAAAAAAAAA; Path=/; HttpOnly; SameSite=Lax; Secure; Max-Age=900"

 ❯ tests/unit/host-session-cookie-isolation.test.ts:21:20
     19|   it('issues and expires browser-enforced host-only session cookies', …
     20|     const issued = academySessionCookie(sessionId, { maxAge: 900 })
     21|     expect(issued).toBe([
       |                    ^
     22|       `__Host-academy_session=${sessionId}`,
     23|       'Path=/',

⎯⎯⎯⎯⎯⎯⎯⎯⎯⎯⎯⎯⎯⎯⎯⎯⎯⎯⎯⎯⎯⎯⎯⎯[1/3]⎯

 FAIL  |unit| tests/unit/host-session-cookie-isolation.test.ts > production browser session cookie isolation > rejects legacy bearer authority and malformed or duplicate names
AssertionError: expected 'AAAAAAAAAAAAAAAAAAAAAAAAAAAAAAAAAAAAA…' to be null

- Expected: 
null

+ Received: 
"AAAAAAAAAAAAAAAAAAAAAAAAAAAAAAAAAAAAAAAAAAA"

 ❯ tests/unit/host-session-cookie-isolation.test.ts:35:71
     33| 
     34|   it('rejects legacy bearer authority and malformed or duplicate names…
     35|     expect(parseAcademySessionCookie(`academy_session=${sessionId}`)).…
       |                                                                       ^
     36|     expect(parseAcademySessionCookie(`__Host-academy_session=${session…
     37|     expect(parseAcademySessionCookie(`__Host-academy_session=${session…

⎯⎯⎯⎯⎯⎯⎯⎯⎯⎯⎯⎯⎯⎯⎯⎯⎯⎯⎯⎯⎯⎯⎯⎯[2/3]⎯

 FAIL  |unit| tests/unit/host-session-cookie-isolation.test.ts > production browser session cookie isolation > uses the same accepted session in middleware and rejects an injected legacy cookie
AssertionError: expected 200 to be 307 // Object.is equality

- Expected
+ Received

- 307
+ 200

 ❯ tests/unit/host-session-cookie-isolation.test.ts:56:29
     54|     })
     55|     const response = await middleware(legacyRequest)
     56|     expect(response.status).toBe(307)
       |                             ^
     57|     expect(new URL(response.headers.get('location') ?? '').pathname).t…
     58|   })

⎯⎯⎯⎯⎯⎯⎯⎯⎯⎯⎯⎯⎯⎯⎯⎯⎯⎯⎯⎯⎯⎯⎯⎯[3/3]⎯


 Test Files  1 failed (1)
      Tests  3 failed (3)
   Start at  00:15:35
   Duration  450ms (transform 68ms, setup 0ms, collect 129ms, tests 12ms, environment 0ms, prepare 81ms)

