
 RUN  v3.2.7 /private/tmp/academy-csp-cde63a58/academy-web

 ❯ |unit| tests/unit/security-headers.test.ts (4 tests | 1 failed) 8ms
   ✓ production HTTP security headers > applies the Academy baseline to every route 2ms
   × production HTTP security headers > enforces the exact approved CSP directives 5ms
     → expected true to be false // Object.is equality
   ✓ production HTTP security headers > contains no duplicate or newline-bearing header values 0ms
   ✓ development HTTP CSP > permits framework development evaluation only in development 0ms

⎯⎯⎯⎯⎯⎯⎯ Failed Tests 1 ⎯⎯⎯⎯⎯⎯⎯

 FAIL  |unit| tests/unit/security-headers.test.ts > production HTTP security headers > enforces the exact approved CSP directives
AssertionError: expected true to be false // Object.is equality

- Expected
+ Received

- false
+ true

 ❯ tests/unit/security-headers.test.ts:47:52
     45|   it('enforces the exact approved CSP directives', async () => {
     46|     const headers = await globalHeaders()
     47|     expect(headers.has('Content-Security-Policy')).toBe(false)
       |                                                    ^
     48|     const policy = ACADEMY_EDGE_SECURITY_HEADERS['Content-Security-Pol…
     49| 

⎯⎯⎯⎯⎯⎯⎯⎯⎯⎯⎯⎯⎯⎯⎯⎯⎯⎯⎯⎯⎯⎯⎯⎯[1/1]⎯


 Test Files  1 failed (1)
      Tests  1 failed | 3 passed (4)
   Start at  04:57:50
   Duration  379ms (transform 39ms, setup 0ms, collect 38ms, tests 8ms, environment 0ms, prepare 53ms)

