nice: setpriority: Operation not permitted

> academy-web@0.1.0 build:cf
> bash scripts/build-cloudflare.sh


┌─────────────────────────────┐
│ OpenNext — Cloudflare build │
└─────────────────────────────┘

App directory: /private/var/folders/pg/r1yx9jq103v4vk0hj199ypf40000gn/T/glm-worker-worktree-aqdqd4/checkout/academy-web
Next.js version : 15.5.22
@opennextjs/cloudflare version: 1.20.2
@opennextjs/aws version: 4.1.0
WARN workerd compatibility_date: 2025-03-25, consider updating your wrangler config to a more recent date to benefit from the latest features and fixes.

┌─────────────────────────────────┐
│ OpenNext — Building Next.js app │
└─────────────────────────────────┘


> academy-web@0.1.0 prebuild
> node scripts/generate-content-registry.mjs

เขียน src/lib/content/registry.generated.ts — 11 คอร์ส, 450 ไฟล์เนื้อหา, 3 เวอร์ชัน consent

> academy-web@0.1.0 build
> next build

   ▲ Next.js 15.5.22

   Creating an optimized production build ...
getaddrinfo ENOTFOUND fonts.googleapis.com

Retrying 1/3...
getaddrinfo ENOTFOUND fonts.googleapis.com

Retrying 1/3...
getaddrinfo ENOTFOUND fonts.googleapis.com

Retrying 1/3...
getaddrinfo ENOTFOUND fonts.googleapis.com

Retrying 2/3...
getaddrinfo ENOTFOUND fonts.googleapis.com

Retrying 2/3...
getaddrinfo ENOTFOUND fonts.googleapis.com

Retrying 2/3...
getaddrinfo ENOTFOUND fonts.googleapis.com

Retrying 3/3...
getaddrinfo ENOTFOUND fonts.googleapis.com

Retrying 3/3...
getaddrinfo ENOTFOUND fonts.googleapis.com

Retrying 3/3...
[Error: getaddrinfo ENOTFOUND fonts.googleapis.com] {
  errno: -3008,
  code: 'ENOTFOUND',
  syscall: 'getaddrinfo',
  hostname: 'fonts.googleapis.com'
}
[Error: getaddrinfo ENOTFOUND fonts.googleapis.com] {
  errno: -3008,
  code: 'ENOTFOUND',
  syscall: 'getaddrinfo',
  hostname: 'fonts.googleapis.com'
}
[Error: getaddrinfo ENOTFOUND fonts.googleapis.com] {
  errno: -3008,
  code: 'ENOTFOUND',
  syscall: 'getaddrinfo',
  hostname: 'fonts.googleapis.com'
}
Failed to compile.

src/components/AppShell.tsx
`next/font` error:
Failed to fetch `Fraunces` from Google Fonts.

src/components/AppShell.tsx
`next/font` error:
Failed to fetch `Inter` from Google Fonts.

src/components/AppShell.tsx
`next/font` error:
Failed to fetch `JetBrains Mono` from Google Fonts.


> Build failed because of webpack errors
node:internal/errors:998
  const err = new Error(message);
              ^

Error: Command failed: npm run build
    at genericNodeError (node:internal/errors:998:15)
    at wrappedFn (node:internal/errors:543:14)
    at checkExecSyncError (node:child_process:925:11)
    at Object.execSync (node:child_process:997:15)
    at buildNextjsApp (file:///private/var/folders/pg/r1yx9jq103v4vk0hj199ypf40000gn/T/glm-worker-worktree-aqdqd4/checkout/academy-web/node_modules/@opennextjs/aws/dist/build/buildNextApp.js:15:8)
    at build (file:///private/var/folders/pg/r1yx9jq103v4vk0hj199ypf40000gn/T/glm-worker-worktree-aqdqd4/checkout/academy-web/node_modules/@opennextjs/cloudflare/dist/cli/build/build.js:63:9)
    at process.processTicksAndRejections (node:internal/process/task_queues:104:5)
    at async buildCommand (file:///private/var/folders/pg/r1yx9jq103v4vk0hj199ypf40000gn/T/glm-worker-worktree-aqdqd4/checkout/academy-web/node_modules/@opennextjs/cloudflare/dist/cli/commands/build.js:40:5) {
  status: 1,
  signal: null,
  output: [ null, null, null ],
  pid: 47289,
  stdout: null,
  stderr: null
}

Node.js v25.5.0
OpenNext build could not fetch fonts; retrying with the local offline fixture (status 1).

┌─────────────────────────────┐
│ OpenNext — Cloudflare build │
└─────────────────────────────┘

App directory: /private/var/folders/pg/r1yx9jq103v4vk0hj199ypf40000gn/T/glm-worker-worktree-aqdqd4/checkout/academy-web
Next.js version : 15.5.22
@opennextjs/cloudflare version: 1.20.2
@opennextjs/aws version: 4.1.0
WARN workerd compatibility_date: 2025-03-25, consider updating your wrangler config to a more recent date to benefit from the latest features and fixes.

┌─────────────────────────────────┐
│ OpenNext — Building Next.js app │
└─────────────────────────────────┘


> academy-web@0.1.0 prebuild
> node scripts/generate-content-registry.mjs

เขียน src/lib/content/registry.generated.ts — 11 คอร์ส, 450 ไฟล์เนื้อหา, 3 เวอร์ชัน consent

> academy-web@0.1.0 build
> next build

   ▲ Next.js 15.5.22

   Creating an optimized production build ...
 ✓ Compiled successfully in 8.8s
   Linting and checking validity of types ...

./src/lib/content/registry.generated.ts
4:1  Warning: Unused eslint-disable directive (no problems were reported).

info  - Need to disable some ESLint rules? Learn more here: https://nextjs.org/docs/app/api-reference/config/eslint#disabling-rules
   Collecting page data ...
   Generating static pages (0/65) ...
   Generating static pages (16/65)
Failed to load dynamic font for CYBERSKILADMpacket213 . Error: [TypeError: fetch failed] {
  [cause]: [Error: getaddrinfo ENOTFOUND fonts.googleapis.com] {
    errno: -3008,
    code: 'ENOTFOUND',
    syscall: 'getaddrinfo',
    hostname: 'fonts.googleapis.com'
  }
}
Failed to load dynamic font for · . Error: [TypeError: fetch failed] {
  [cause]: [Error: getaddrinfo ENOTFOUND fonts.googleapis.com] {
    errno: -3008,
    code: 'ENOTFOUND',
    syscall: 'getaddrinfo',
    hostname: 'fonts.googleapis.com'
  }
}
Failed to load dynamic font for CYBERSKILADMsembly:adingchoWturpNT12qk . Error: [TypeError: fetch failed] {
  [cause]: [Error: getaddrinfo ENOTFOUND fonts.googleapis.com] {
    errno: -3008,
    code: 'ENOTFOUND',
    syscall: 'getaddrinfo',
    hostname: 'fonts.googleapis.com'
  }
}
Failed to load dynamic font for · . Error: [TypeError: fetch failed] {
  [cause]: [Error: getaddrinfo ENOTFOUND fonts.googleapis.com] {
    errno: -3008,
    code: 'ENOTFOUND',
    syscall: 'getaddrinfo',
    hostname: 'fonts.googleapis.com'
  }
}
   Generating static pages (32/65)
Failed to load dynamic font for CYBERSKILADMGitsenalphoryuc,wkvgdm—fb.N173q . Error: [TypeError: fetch failed] {
  [cause]: [Error: getaddrinfo ENOTFOUND fonts.googleapis.com] {
    errno: -3008,
    code: 'ENOTFOUND',
    syscall: 'getaddrinfo',
    hostname: 'fonts.googleapis.com'
  }
}
Failed to load dynamic font for · . Error: [TypeError: fetch failed] {
  [cause]: [Error: getaddrinfo ENOTFOUND fonts.googleapis.com] {
    errno: -3008,
    code: 'ENOTFOUND',
    syscall: 'getaddrinfo',
    hostname: 'fonts.googleapis.com'
  }
}
Failed to load dynamic font for CYBERSKILADMasicO&nuxUdertwhopgyml,vf.GN153qk . Error: [TypeError: fetch failed] {
  [cause]: [Error: getaddrinfo ENOTFOUND fonts.googleapis.com] {
    errno: -3008,
    code: 'ENOTFOUND',
    syscall: 'getaddrinfo',
    hostname: 'fonts.googleapis.com'
  }
}
Failed to load dynamic font for · . Error: [TypeError: fetch failed] {
  [cause]: [Error: getaddrinfo ENOTFOUND fonts.googleapis.com] {
    errno: -3008,
    code: 'ENOTFOUND',
    syscall: 'getaddrinfo',
    hostname: 'fonts.googleapis.com'
  }
}
Failed to load dynamic font for CYBERSKILADMsembly:adingchoWturpNT12qk . Error: [TypeError: fetch failed] {
  [cause]: [Error: getaddrinfo ENOTFOUND fonts.googleapis.com] {
    errno: -3008,
    code: 'ENOTFOUND',
    syscall: 'getaddrinfo',
    hostname: 'fonts.googleapis.com'
  }
}
Failed to load dynamic font for · . Error: [TypeError: fetch failed] {
  [cause]: [Error: getaddrinfo ENOTFOUND fonts.googleapis.com] {
    errno: -3008,
    code: 'ENOTFOUND',
    syscall: 'getaddrinfo',
    hostname: 'fonts.googleapis.com'
  }
}
Failed to load dynamic font for CYBERSKILADM:12 . Error: [TypeError: fetch failed] {
  [cause]: [Error: getaddrinfo ENOTFOUND fonts.googleapis.com] {
    errno: -3008,
    code: 'ENOTFOUND',
    syscall: 'getaddrinfo',
    hostname: 'fonts.googleapis.com'
  }
}
Failed to load dynamic font for · . Error: [TypeError: fetch failed] {
  [cause]: [Error: getaddrinfo ENOTFOUND fonts.googleapis.com] {
    errno: -3008,
    code: 'ENOTFOUND',
    syscall: 'getaddrinfo',
    hostname: 'fonts.googleapis.com'
  }
}
Failed to load dynamic font for · . Error: [TypeError: fetch failed] {
  [cause]: [Error: getaddrinfo ENOTFOUND fonts.googleapis.com] {
    errno: -3008,
    code: 'ENOTFOUND',
    syscall: 'getaddrinfo',
    hostname: 'fonts.googleapis.com'
  }
}
Failed to load dynamic font for CYBERSKILADM&owlevPrgaminhtyucds—,k.NT204qp . Error: [TypeError: fetch failed] {
  [cause]: [Error: getaddrinfo ENOTFOUND fonts.googleapis.com] {
    errno: -3008,
    code: 'ENOTFOUND',
    syscall: 'getaddrinfo',
    hostname: 'fonts.googleapis.com'
  }
}
Failed to load dynamic font for CYBERSKILADMGit173 . Error: [TypeError: fetch failed] {
  [cause]: [Error: getaddrinfo ENOTFOUND fonts.googleapis.com] {
    errno: -3008,
    code: 'ENOTFOUND',
    syscall: 'getaddrinfo',
    hostname: 'fonts.googleapis.com'
  }
}
Failed to load dynamic font for · . Error: [TypeError: fetch failed] {
  [cause]: [Error: getaddrinfo ENOTFOUND fonts.googleapis.com] {
    errno: -3008,
    code: 'ENOTFOUND',
    syscall: 'getaddrinfo',
    hostname: 'fonts.googleapis.com'
  }
}
Failed to load dynamic font for CYBERSKILADMetingUpGamch,rldousN41qk . Error: [TypeError: fetch failed] {
  [cause]: [Error: getaddrinfo ENOTFOUND fonts.googleapis.com] {
    errno: -3008,
    code: 'ENOTFOUND',
    syscall: 'getaddrinfo',
    hostname: 'fonts.googleapis.com'
  }
}
Failed to load dynamic font for · . Error: [TypeError: fetch failed] {
  [cause]: [Error: getaddrinfo ENOTFOUND fonts.googleapis.com] {
    errno: -3008,
    code: 'ENOTFOUND',
    syscall: 'getaddrinfo',
    hostname: 'fonts.googleapis.com'
  }
}
Failed to load dynamic font for CYBERSKILADMOperatingysmWhklcudovNT184q . Error: [TypeError: fetch failed] {
  [cause]: [Error: getaddrinfo ENOTFOUND fonts.googleapis.com] {
    errno: -3008,
    code: 'ENOTFOUND',
    syscall: 'getaddrinfo',
    hostname: 'fonts.googleapis.com'
  }
}
Failed to load dynamic font for · . Error: [TypeError: fetch failed] {
  [cause]: [Error: getaddrinfo ENOTFOUND fonts.googleapis.com] {
    errno: -3008,
    code: 'ENOTFOUND',
    syscall: 'getaddrinfo',
    hostname: 'fonts.googleapis.com'
  }
}
Failed to load dynamic font for · . Error: [TypeError: fetch failed] {
  [cause]: [Error: getaddrinfo ENOTFOUND fonts.googleapis.com] {
    errno: -3008,
    code: 'ENOTFOUND',
    syscall: 'getaddrinfo',
    hostname: 'fonts.googleapis.com'
  }
}
Failed to load dynamic font for CYBERSKILADMomputerchiWasdngbwxNT19l3qk . Error: [TypeError: fetch failed] {
  [cause]: [Error: getaddrinfo ENOTFOUND fonts.googleapis.com] {
    errno: -3008,
    code: 'ENOTFOUND',
    syscall: 'getaddrinfo',
    hostname: 'fonts.googleapis.com'
  }
}
Failed to load dynamic font for CYBERSKILADMkernl184 . Error: [TypeError: fetch failed] {
  [cause]: [Error: getaddrinfo ENOTFOUND fonts.googleapis.com] {
    errno: -3008,
    code: 'ENOTFOUND',
    syscall: 'getaddrinfo',
    hostname: 'fonts.googleapis.com'
  }
}
Failed to load dynamic font for · . Error: [TypeError: fetch failed] {
  [cause]: [Error: getaddrinfo ENOTFOUND fonts.googleapis.com] {
    errno: -3008,
    code: 'ENOTFOUND',
    syscall: 'getaddrinfo',
    hostname: 'fonts.googleapis.com'
  }
}
Failed to load dynamic font for · . Error: [TypeError: fetch failed] {
  [cause]: [Error: getaddrinfo ENOTFOUND fonts.googleapis.com] {
    errno: -3008,
    code: 'ENOTFOUND',
    syscall: 'getaddrinfo',
    hostname: 'fonts.googleapis.com'
  }
}
Failed to load dynamic font for CYBERSKILADMinux153 . Error: [TypeError: fetch failed] {
  [cause]: [Error: getaddrinfo ENOTFOUND fonts.googleapis.com] {
    errno: -3008,
    code: 'ENOTFOUND',
    syscall: 'getaddrinfo',
    hostname: 'fonts.googleapis.com'
  }
}
Failed to load dynamic font for CYBERSKILADM41 . Error: [TypeError: fetch failed] {
  [cause]: [Error: getaddrinfo ENOTFOUND fonts.googleapis.com] {
    errno: -3008,
    code: 'ENOTFOUND',
    syscall: 'getaddrinfo',
    hostname: 'fonts.googleapis.com'
  }
}
Failed to load dynamic font for · . Error: [TypeError: fetch failed] {
  [cause]: [Error: getaddrinfo ENOTFOUND fonts.googleapis.com] {
    errno: -3008,
    code: 'ENOTFOUND',
    syscall: 'getaddrinfo',
    hostname: 'fonts.googleapis.com'
  }
}
Failed to load dynamic font for · . Error: [TypeError: fetch failed] {
  [cause]: [Error: getaddrinfo ENOTFOUND fonts.googleapis.com] {
    errno: -3008,
    code: 'ENOTFOUND',
    syscall: 'getaddrinfo',
    hostname: 'fonts.googleapis.com'
  }
}
Failed to load dynamic font for CYBERSKILADM—204 . Error: [TypeError: fetch failed] {
  [cause]: [Error: getaddrinfo ENOTFOUND fonts.googleapis.com] {
    errno: -3008,
    code: 'ENOTFOUND',
    syscall: 'getaddrinfo',
    hostname: 'fonts.googleapis.com'
  }
}
Failed to load dynamic font for · . Error: [TypeError: fetch failed] {
  [cause]: [Error: getaddrinfo ENOTFOUND fonts.googleapis.com] {
    errno: -3008,
    code: 'ENOTFOUND',
    syscall: 'getaddrinfo',
    hostname: 'fonts.googleapis.com'
  }
}
Failed to load dynamic font for CYBERSKILADM193 . Error: [TypeError: fetch failed] {
  [cause]: [Error: getaddrinfo ENOTFOUND fonts.googleapis.com] {
    errno: -3008,
    code: 'ENOTFOUND',
    syscall: 'getaddrinfo',
    hostname: 'fonts.googleapis.com'
  }
}
   Generating static pages (48/65)
Failed to load dynamic font for CYBERSKILADMasicO&nuxUdertwhopgyml,vf.GN153qk . Error: [TypeError: fetch failed] {
  [cause]: [Error: getaddrinfo ENOTFOUND fonts.googleapis.com] {
    errno: -3008,
    code: 'ENOTFOUND',
    syscall: 'getaddrinfo',
    hostname: 'fonts.googleapis.com'
  }
}
Failed to load dynamic font for · . Error: [TypeError: fetch failed] {
  [cause]: [Error: getaddrinfo ENOTFOUND fonts.googleapis.com] {
    errno: -3008,
    code: 'ENOTFOUND',
    syscall: 'getaddrinfo',
    hostname: 'fonts.googleapis.com'
  }
}
Failed to load dynamic font for · . Error: [TypeError: fetch failed] {
  [cause]: [Error: getaddrinfo ENOTFOUND fonts.googleapis.com] {
    errno: -3008,
    code: 'ENOTFOUND',
    syscall: 'getaddrinfo',
    hostname: 'fonts.googleapis.com'
  }
}
Failed to load dynamic font for CYBERSKILADMomputerNwkingFacsvhdlfT213q . Error: [TypeError: fetch failed] {
  [cause]: [Error: getaddrinfo ENOTFOUND fonts.googleapis.com] {
    errno: -3008,
    code: 'ENOTFOUND',
    syscall: 'getaddrinfo',
    hostname: 'fonts.googleapis.com'
  }
}
Failed to load dynamic font for CYBERSKILADM&owlevPrgaminhtyucds—,k.NT204qp . Error: [TypeError: fetch failed] {
  [cause]: [Error: getaddrinfo ENOTFOUND fonts.googleapis.com] {
    errno: -3008,
    code: 'ENOTFOUND',
    syscall: 'getaddrinfo',
    hostname: 'fonts.googleapis.com'
  }
}
Failed to load dynamic font for · . Error: [TypeError: fetch failed] {
  [cause]: [Error: getaddrinfo ENOTFOUND fonts.googleapis.com] {
    errno: -3008,
    code: 'ENOTFOUND',
    syscall: 'getaddrinfo',
    hostname: 'fonts.googleapis.com'
  }
}
Failed to load dynamic font for CYBERSKILADMomputerNwkingFacsvhdlfT213q . Error: [TypeError: fetch failed] {
  [cause]: [Error: getaddrinfo ENOTFOUND fonts.googleapis.com] {
    errno: -3008,
    code: 'ENOTFOUND',
    syscall: 'getaddrinfo',
    hostname: 'fonts.googleapis.com'
  }
}
Failed to load dynamic font for · . Error: [TypeError: fetch failed] {
  [cause]: [Error: getaddrinfo ENOTFOUND fonts.googleapis.com] {
    errno: -3008,
    code: 'ENOTFOUND',
    syscall: 'getaddrinfo',
    hostname: 'fonts.googleapis.com'
  }
}
Failed to load dynamic font for CYBERSKILADMomputerchiWasdngbwxNT19l3qk . Error: [TypeError: fetch failed] {
  [cause]: [Error: getaddrinfo ENOTFOUND fonts.googleapis.com] {
    errno: -3008,
    code: 'ENOTFOUND',
    syscall: 'getaddrinfo',
    hostname: 'fonts.googleapis.com'
  }
}
Failed to load dynamic font for · . Error: [TypeError: fetch failed] {
  [cause]: [Error: getaddrinfo ENOTFOUND fonts.googleapis.com] {
    errno: -3008,
    code: 'ENOTFOUND',
    syscall: 'getaddrinfo',
    hostname: 'fonts.googleapis.com'
  }
}
Failed to load dynamic font for CYBERSKILADMOperatingysmWhklcudovNT184q . Error: [TypeError: fetch failed] {
  [cause]: [Error: getaddrinfo ENOTFOUND fonts.googleapis.com] {
    errno: -3008,
    code: 'ENOTFOUND',
    syscall: 'getaddrinfo',
    hostname: 'fonts.googleapis.com'
  }
}
Failed to load dynamic font for · . Error: [TypeError: fetch failed] {
  [cause]: [Error: getaddrinfo ENOTFOUND fonts.googleapis.com] {
    errno: -3008,
    code: 'ENOTFOUND',
    syscall: 'getaddrinfo',
    hostname: 'fonts.googleapis.com'
  }
}
 ✓ Generating static pages (65/65)
Failed to load dynamic font for CYBERSKILADMGitsenalphoryuc,wkvgdm—fb.N173q . Error: [TypeError: fetch failed] {
  [cause]: [Error: getaddrinfo ENOTFOUND fonts.googleapis.com] {
    errno: -3008,
    code: 'ENOTFOUND',
    syscall: 'getaddrinfo',
    hostname: 'fonts.googleapis.com'
  }
}
Failed to load dynamic font for · . Error: [TypeError: fetch failed] {
  [cause]: [Error: getaddrinfo ENOTFOUND fonts.googleapis.com] {
    errno: -3008,
    code: 'ENOTFOUND',
    syscall: 'getaddrinfo',
    hostname: 'fonts.googleapis.com'
  }
}
Failed to load dynamic font for CYBERSKILADMetingUpGamch,rldousN41qk . Error: [TypeError: fetch failed] {
  [cause]: [Error: getaddrinfo ENOTFOUND fonts.googleapis.com] {
    errno: -3008,
    code: 'ENOTFOUND',
    syscall: 'getaddrinfo',
    hostname: 'fonts.googleapis.com'
  }
}
Failed to load dynamic font for · . Error: [TypeError: fetch failed] {
  [cause]: [Error: getaddrinfo ENOTFOUND fonts.googleapis.com] {
    errno: -3008,
    code: 'ENOTFOUND',
    syscall: 'getaddrinfo',
    hostname: 'fonts.googleapis.com'
  }
}
   Finalizing page optimization ...
   Collecting build traces ...

Route (app)                                       Size  First Load JS
┌ ○ /                                          4.71 kB         111 kB
├ ○ /_not-found                                   1 kB         104 kB
├ ƒ /access-required                           3.54 kB         109 kB
├ ƒ /api/attempts                                186 B         103 kB
├ ƒ /api/auth/identity/start                     186 B         103 kB
├ ƒ /api/auth/me                                 186 B         103 kB
├ ƒ /api/auth/otp                                186 B         103 kB
├ ƒ /api/auth/sign-out                           186 B         103 kB
├ ƒ /api/auth/verify                             186 B         103 kB
├ ƒ /api/courses/[slug]/skill-map                186 B         103 kB
├ ƒ /api/explanations                            186 B         103 kB
├ ƒ /api/leads                                   186 B         103 kB
├ ƒ /api/leads/unsubscribe                       186 B         103 kB
├ ƒ /api/practice/simulation                     186 B         103 kB
├ ƒ /api/progress                                186 B         103 kB
├ ƒ /api/progress/reset                          186 B         103 kB
├ ƒ /auth/callback                               186 B         103 kB
├ ƒ /course-media/[assetId]                      186 B         103 kB
├ ○ /courses                                   5.65 kB         114 kB
├ ƒ /courses/[slug]                              186 B         103 kB
├ ● /courses/[slug]/[locale]                   6.15 kB         118 kB
├   ├ /courses/assembly/en
├   ├ /courses/assembly/th
├   ├ /courses/basic-os-linux/en
├   └ [+13 more paths]
├ ƒ /courses/[slug]/learn                      17.3 kB         126 kB
├ ƒ /courses/[slug]/lessons/[nodeId]           23.9 kB         133 kB
├ ● /courses/[slug]/opengraph-image              186 B         103 kB
├   ├ /courses/assembly/opengraph-image
├   ├ /courses/basic-os-linux/opengraph-image
├   ├ /courses/c-low-level/opengraph-image
├   └ [+5 more paths]
├ ● /courses/[slug]/share/[locale]               186 B         103 kB
├   ├ /courses/assembly/share/en
├   ├ /courses/assembly/share/th
├   ├ /courses/basic-os-linux/share/en
├   └ [+13 more paths]
├ ƒ /dashboard                                 7.87 kB         119 kB
├ ƒ /player                                    2.33 kB         108 kB
├ ƒ /player/exam/[id]                          4.99 kB         114 kB
├ ƒ /player/module/[slug]                      1.92 kB         111 kB
├ ○ /privacy                                   8.48 kB         114 kB
├ ○ /robots.txt                                  186 B         103 kB
├ ƒ /sign-in                                   1.52 kB         116 kB
├ ○ /sitemap.xml                                 186 B         103 kB
└ ƒ /unsubscribe                               7.37 kB         113 kB
+ First Load JS shared by all                   103 kB
  ├ chunks/1255-31f47ebe9b12c7e5.js            46.3 kB
  ├ chunks/4bd1b696-f785427dddbba9fb.js        54.2 kB
  └ other shared chunks (total)                   2 kB


ƒ Middleware                                   65.2 kB

○  (Static)   prerendered as static content
●  (SSG)      prerendered as static HTML (uses generateStaticParams)
ƒ  (Dynamic)  server-rendered on demand


┌──────────────────────────────┐
│ OpenNext — Generating bundle │
└──────────────────────────────┘

(node:47633) [DEP0040] DeprecationWarning: The `punycode` module is deprecated. Please use a userland alternative instead.
(Use `node --trace-deprecation ...` to show where the warning was created)
Bundling middleware function...
Bundling static assets...
Bundling cache assets...
Building server function: default...
Applying code patches: 2.965s
# copyPackageTemplateFiles
[35m⚙️ Bundling the OpenNext server...
[0m
[35mWorker saved in `.open-next/worker.js` 🚀
[0m
OpenNext build complete.

> academy-web@0.1.0 asset-guard
> node scripts/check-open-next-assets.mjs

Asset guard passed: no mp4/vtt/pdf/zip payloads in .open-next/assets
PASS final OpenNext Worker initialized on real workerd; raw-host gate HTTP 404; outbound requests blocked; bundle 12999.7 KiB
