PASS bank M4-082 = A,C,D,E + whyCorrect.D
PASS bank M4-067 = A,B,C,E + whyCorrect.A
PASS rewritten M4-082 _context + prose
PASS rewritten M4-067 _context + prose
PASS v2-source M4-082
PASS v2-source M4-067
PASS v2-source PBQ-010 order
PASS SV2 M4-082
PASS SV2 M4-067
PASS SV2 PBQ-010 order
PASS SV2 PBQ-010 irCoordination คงเดิม
PASS SV2 PBQ-010 explanation ไม่มี NIST SP (นโยบาย student-facing)
PASS SV1 M4-082
PASS SV1 M4-067
PASS SV1 PBQ-010 order
PASS FL02 PBQ-010 order
PASS suite bank M4-082
PASS suite bank M4-067
PASS suite pbqs PBQ-010
PASS suite fullTests PBQ-010
PASS bank md correct line A,C,D,E
PASS bank md correct line A,B,C,E
PASS bank md Map fields = Correct bullet
PASS bank md Sandbox process = Correct bullet
PASS FL02 md table row order ใหม่
PASS FL02 md ไม่เหลือ order เก่า
PASS SV2 md part-05 มี A, C, D, E
PASS SV2 md part-13 มี A, B, C, E
PASS SV2 FL02 md ลำดับใหม่ (Fix ก่อน Validate ในทุกบรรทัด order)

29 passed, 0 failed
