npm warn EBADENGINE Unsupported engine {
npm warn EBADENGINE   package: 'academy-web@0.1.0',
npm warn EBADENGINE   required: { node: '24.x' },
npm warn EBADENGINE   current: { node: 'v25.5.0', npm: '11.12.0' }
npm warn EBADENGINE }
npm warn deprecated node-domexception@1.0.0: Use your platform's native DOMException instead
npm warn deprecated glob@9.3.5: Old versions of glob are not supported, and contain widely publicized security vulnerabilities, which have been fixed in the current version. Please update. Support for old versions may be purchased (at exorbitant rates) by contacting i@izs.me

added 715 packages in 12s

209 packages are looking for funding
  run `npm fund` for details

 RUN  v3.2.7 /private/var/folders/pg/r1yx9jq103v4vk0hj199ypf40000gn/T/glm-worker-worktree-cDNljN/checkout/academy-web

 ✓ |unit| tests/unit/attempt-client.test.ts (67 tests) 25ms
 ✓ |unit| tests/unit/progress-client.test.ts (26 tests) 19ms
 ✓ |unit| tests/unit/attempt.test.ts (25 tests) 7ms
 ✓ |unit| tests/unit/progress.test.ts (17 tests) 5ms
stderr | tests/unit/progress-dashboard-route.test.ts > GET /api/progress dashboard catalog > fails closed when course entitlement storage is unavailable
[api/progress] อ่านไม่สำเร็จ: access store unavailable

 ✓ |unit| tests/unit/progress-dashboard-route.test.ts (4 tests) 10ms
 ✓ |unit| tests/unit/attempt-grading.test.ts (6 tests) 3ms
 ✓ |unit| tests/unit/public-progress.test.ts (6 tests) 3ms
 ✓ |unit| tests/unit/assessment-attempt-integrity.test.ts (6 tests) 4ms
 ✓ |unit| tests/unit/progress-db-allowlist.test.ts (2 tests) 3ms
 ✓ |unit| tests/unit/course-progress.test.ts (2 tests) 2ms

 Test Files  10 passed (10)
      Tests  161 passed (161)
   Start at  20:17:15
   Duration  2.03s (transform 206ms, setup 0ms, collect 414ms, tests 81ms, environment 1ms, prepare 378ms)

